Lab - Entering Commands
==========
Follow the instructions line-by-line.  

* Type in the commands as is, but ignore the beginning prompt.  
* Enter, tab, up and down are represented by <ENTER><TAB>,<UP> and <DOWN>.  
* "No output" or "nothing happens" are valid answers to any of the questions.
==========



==========
1. Open Terminal.  Type:

$ ls<ENTER>

Copy and paste the output of ls below.
Downloads               Music                   house
Desktop                 Library                 Pictures
Documents               Movies                  Public


==========
2a. Type: 

$ ls D<TAB>

What happens?  Describe it below.
It outputs whatever starts with the letter D.
Desktop/    Documents/  Downloads/


==========
2b. Press <TAB> one more time.  Copy and paste the output below.
ls Desktop
rdrgeerwtger yg erwy brg


==========
2c. Now press <ENTER>. Copy and paste the output below.




MTEC1003        f.docx
3.  Type:

$ ls -l Documents<ENTER>

Copy and paste the first *two lines* of output below.




No output
4.  Type:

$ ls -a Documents

Copy and paste the first *two lines* of output below.



.localized
5.  Type:

<UP><ENTER>

What command was repeated?




The previous
6.  Type:

<UP><UP><UP><DOWN><ENTER>

What command was repeated?




Same one
7.  Type:

$ ls /b<TAB><ENTER>

What is the result of pressing tab?




It outputs a whole bunch of words and phrases.

8.  Type:

$ ls doesnotexist

Copy and paste the output below.




ls: doesnotexist: No such file or directory
9.  What key do I press to go to the previous command?

<UP>



10.  Name two flags that we used in this exercise.
-a and -l




11.  What key do I use to attempt to autocomplete a command or a file name?




<TAB>
12.  What was the main command that we used throughout this exercise?



ls
13.  Name one argument that we passed to the command.
----------



doesnotexist
14.  Type:

$ foo<ENTER>

Copy and paste the output below.
zsh: command not found: foo
15.  Type:

<UP><ENTER>

Copy and paste the output below.
zsh: command not found: foo
16.  In the following line....

$ ls -a Desktop

What is the command, flag, argument, and prompt?
ls is the command, -a is the flag, there is no argument and desktop is the prompt.
